[dotenv@17.2.3] injecting env (5) from .env.local -- tip: ≡ƒôí add observability to secrets: https://dotenvx.com/ops
Testing Thibault API...
node.exe : Thibault Error: 400 { errors: { 
id: 'E013', data: '3041234' } }
At line:1 char:1
+ & "C:\Program Files\nodejs/node.exe" 
"C:\Program Files\nodejs/node_mo ...
+ ~~~~~~~~~~~~~~~~~~~~~~~~~~~~~~~~~~~~~~~~~
~~~~~~~~~~~~~~~~~~~~~~~~~~~~
    + CategoryInfo          : NotSpecified 
   : (Thibault Error:...: '3041234' } }:S  
  tring) [], RemoteException
    + FullyQualifiedErrorId : NativeComman 
   dError
 
Testing Motovan Scrape...
Motovan Error: 404 Request failed with 
status code 404
